
  You can now view your Streamlit app in your browser.

  Local URL: http://localhost:8501
  Network URL: http://10.19.223.30:8501
  External URL: http://195.55.43.196:8501

  For better performance, install the Watchdog module:

  $ xcode-select --install
  $ pip install watchdog
            
/Users/joelsanfeliu/Downloads/INIBSA/lightgbm_poc/streamlit_briefing.py:175: UserWarning: Glyph 10060 (\N{CROSS MARK}) missing from font(s) DejaVu Sans.
  plt.tight_layout()
/Users/joelsanfeliu/Downloads/INIBSA/lightgbm_poc/streamlit_briefing.py:175: UserWarning: Glyph 9989 (\N{WHITE HEAVY CHECK MARK}) missing from font(s) DejaVu Sans.
  plt.tight_layout()
/Users/joelsanfeliu/Downloads/INIBSA/lightgbm_poc/streamlit_briefing.py:175: UserWarning: Glyph 128993 (\N{LARGE YELLOW CIRCLE}) missing from font(s) DejaVu Sans.
  plt.tight_layout()
/opt/homebrew/Caskroom/miniconda/base/lib/python3.13/site-packages/streamlit/elements/pyplot.py:225: UserWarning: Glyph 10060 (\N{CROSS MARK}) missing from font(s) DejaVu Sans.
  fig.savefig(image, **kwargs)
/opt/homebrew/Caskroom/miniconda/base/lib/python3.13/site-packages/streamlit/elements/pyplot.py:225: UserWarning: Glyph 9989 (\N{WHITE HEAVY CHECK MARK}) missing from font(s) DejaVu Sans.
  fig.savefig(image, **kwargs)
/opt/homebrew/Caskroom/miniconda/base/lib/python3.13/site-packages/streamlit/elements/pyplot.py:225: UserWarning: Glyph 128993 (\N{LARGE YELLOW CIRCLE}) missing from font(s) DejaVu Sans.
  fig.savefig(image, **kwargs)
/Users/joelsanfeliu/Downloads/INIBSA/lightgbm_poc/streamlit_briefing.py:175: UserWarning: Glyph 9989 (\N{WHITE HEAVY CHECK MARK}) missing from font(s) DejaVu Sans.
  plt.tight_layout()
/Users/joelsanfeliu/Downloads/INIBSA/lightgbm_poc/streamlit_briefing.py:175: UserWarning: Glyph 10060 (\N{CROSS MARK}) missing from font(s) DejaVu Sans.
  plt.tight_layout()
/Users/joelsanfeliu/Downloads/INIBSA/lightgbm_poc/streamlit_briefing.py:175: UserWarning: Glyph 128993 (\N{LARGE YELLOW CIRCLE}) missing from font(s) DejaVu Sans.
  plt.tight_layout()
/opt/homebrew/Caskroom/miniconda/base/lib/python3.13/site-packages/streamlit/elements/pyplot.py:225: UserWarning: Glyph 9989 (\N{WHITE HEAVY CHECK MARK}) missing from font(s) DejaVu Sans.
  fig.savefig(image, **kwargs)
/opt/homebrew/Caskroom/miniconda/base/lib/python3.13/site-packages/streamlit/elements/pyplot.py:225: UserWarning: Glyph 10060 (\N{CROSS MARK}) missing from font(s) DejaVu Sans.
  fig.savefig(image, **kwargs)
/opt/homebrew/Caskroom/miniconda/base/lib/python3.13/site-packages/streamlit/elements/pyplot.py:225: UserWarning: Glyph 128993 (\N{LARGE YELLOW CIRCLE}) missing from font(s) DejaVu Sans.
  fig.savefig(image, **kwargs)
/Users/joelsanfeliu/Downloads/INIBSA/lightgbm_poc/streamlit_briefing.py:175: UserWarning: Glyph 10060 (\N{CROSS MARK}) missing from font(s) DejaVu Sans.
  plt.tight_layout()
/Users/joelsanfeliu/Downloads/INIBSA/lightgbm_poc/streamlit_briefing.py:175: UserWarning: Glyph 9989 (\N{WHITE HEAVY CHECK MARK}) missing from font(s) DejaVu Sans.
  plt.tight_layout()
/Users/joelsanfeliu/Downloads/INIBSA/lightgbm_poc/streamlit_briefing.py:175: UserWarning: Glyph 128993 (\N{LARGE YELLOW CIRCLE}) missing from font(s) DejaVu Sans.
  plt.tight_layout()
/opt/homebrew/Caskroom/miniconda/base/lib/python3.13/site-packages/streamlit/elements/pyplot.py:225: UserWarning: Glyph 10060 (\N{CROSS MARK}) missing from font(s) DejaVu Sans.
  fig.savefig(image, **kwargs)
/opt/homebrew/Caskroom/miniconda/base/lib/python3.13/site-packages/streamlit/elements/pyplot.py:225: UserWarning: Glyph 9989 (\N{WHITE HEAVY CHECK MARK}) missing from font(s) DejaVu Sans.
  fig.savefig(image, **kwargs)
/opt/homebrew/Caskroom/miniconda/base/lib/python3.13/site-packages/streamlit/elements/pyplot.py:225: UserWarning: Glyph 128993 (\N{LARGE YELLOW CIRCLE}) missing from font(s) DejaVu Sans.
  fig.savefig(image, **kwargs)
/Users/joelsanfeliu/Downloads/INIBSA/lightgbm_poc/streamlit_briefing.py:175: UserWarning: Glyph 9989 (\N{WHITE HEAVY CHECK MARK}) missing from font(s) DejaVu Sans.
  plt.tight_layout()
/Users/joelsanfeliu/Downloads/INIBSA/lightgbm_poc/streamlit_briefing.py:175: UserWarning: Glyph 10060 (\N{CROSS MARK}) missing from font(s) DejaVu Sans.
  plt.tight_layout()
/Users/joelsanfeliu/Downloads/INIBSA/lightgbm_poc/streamlit_briefing.py:175: UserWarning: Glyph 128993 (\N{LARGE YELLOW CIRCLE}) missing from font(s) DejaVu Sans.
  plt.tight_layout()
/opt/homebrew/Caskroom/miniconda/base/lib/python3.13/site-packages/streamlit/elements/pyplot.py:225: UserWarning: Glyph 9989 (\N{WHITE HEAVY CHECK MARK}) missing from font(s) DejaVu Sans.
  fig.savefig(image, **kwargs)
/opt/homebrew/Caskroom/miniconda/base/lib/python3.13/site-packages/streamlit/elements/pyplot.py:225: UserWarning: Glyph 10060 (\N{CROSS MARK}) missing from font(s) DejaVu Sans.
  fig.savefig(image, **kwargs)
/opt/homebrew/Caskroom/miniconda/base/lib/python3.13/site-packages/streamlit/elements/pyplot.py:225: UserWarning: Glyph 128993 (\N{LARGE YELLOW CIRCLE}) missing from font(s) DejaVu Sans.
  fig.savefig(image, **kwargs)
/Users/joelsanfeliu/Downloads/INIBSA/lightgbm_poc/streamlit_briefing.py:175: UserWarning: Glyph 10060 (\N{CROSS MARK}) missing from font(s) DejaVu Sans.
  plt.tight_layout()
/Users/joelsanfeliu/Downloads/INIBSA/lightgbm_poc/streamlit_briefing.py:175: UserWarning: Glyph 9989 (\N{WHITE HEAVY CHECK MARK}) missing from font(s) DejaVu Sans.
  plt.tight_layout()
/Users/joelsanfeliu/Downloads/INIBSA/lightgbm_poc/streamlit_briefing.py:175: UserWarning: Glyph 128993 (\N{LARGE YELLOW CIRCLE}) missing from font(s) DejaVu Sans.
  plt.tight_layout()
/opt/homebrew/Caskroom/miniconda/base/lib/python3.13/site-packages/streamlit/elements/pyplot.py:225: UserWarning: Glyph 10060 (\N{CROSS MARK}) missing from font(s) DejaVu Sans.
  fig.savefig(image, **kwargs)
/opt/homebrew/Caskroom/miniconda/base/lib/python3.13/site-packages/streamlit/elements/pyplot.py:225: UserWarning: Glyph 9989 (\N{WHITE HEAVY CHECK MARK}) missing from font(s) DejaVu Sans.
  fig.savefig(image, **kwargs)
/opt/homebrew/Caskroom/miniconda/base/lib/python3.13/site-packages/streamlit/elements/pyplot.py:225: UserWarning: Glyph 128993 (\N{LARGE YELLOW CIRCLE}) missing from font(s) DejaVu Sans.
  fig.savefig(image, **kwargs)
